[
  {
    "filePath": "C:\\Users\\vinma\\Downloads\\NXT-WAVE-HACKTHON-TEAM-VISHWAMITRA-main\\backend\\src\\services\\authService.ts",
    "messages": [
      "Line 90: prefer-const - 'existingSession' is never reassigned. Use 'const' instead."
    ]
  },
  {
    "filePath": "C:\\Users\\vinma\\Downloads\\NXT-WAVE-HACKTHON-TEAM-VISHWAMITRA-main\\backend\\src\\services\\chatService.ts",
    "messages": [
      "Line 328: prefer-const - 'systemPrompt' is never reassigned. Use 'const' instead."
    ]
  },
  {
    "filePath": "C:\\Users\\vinma\\Downloads\\NXT-WAVE-HACKTHON-TEAM-VISHWAMITRA-main\\src\\components\\ChatWindow.tsx",
    "messages": [
      "Line 54: react-hooks/set-state-in-effect - Error: Calling setState synchronously within an effect can trigger cascading renders\n\nEffects are intended to synchronize state between React and external systems such as manually updating the DOM, state management libraries, or other platform APIs. In general, the body of an effect should do one or both of the following:\n* Update external systems with the latest state from React.\n* Subscribe for updates from some external system, calling setState in a callback function when external state changes.\n\nCalling setState synchronously within an effect body causes cascading renders that can hurt performance, and is not recommended. (https://react.dev/learn/you-might-not-need-an-effect).\n\nC:\\Users\\vinma\\Downloads\\NXT-WAVE-HACKTHON-TEAM-VISHWAMITRA-main\\src\\components\\ChatWindow.tsx:54:9\n  52 |         });\n  53 |\n> 54 |         setSocket(newSocket);\n     |         ^^^^^^^^^ Avoid calling setState() directly within an effect\n  55 |\n  56 |         // Load initial messages\n  57 |         fetchMessages();"
    ]
  },
  {
    "filePath": "C:\\Users\\vinma\\Downloads\\NXT-WAVE-HACKTHON-TEAM-VISHWAMITRA-main\\src\\context\\AuthContext.tsx",
    "messages": [
      "Line 26: react-hooks/set-state-in-effect - Error: Calling setState synchronously within an effect can trigger cascading renders\n\nEffects are intended to synchronize state between React and external systems such as manually updating the DOM, state management libraries, or other platform APIs. In general, the body of an effect should do one or both of the following:\n* Update external systems with the latest state from React.\n* Subscribe for updates from some external system, calling setState in a callback function when external state changes.\n\nCalling setState synchronously within an effect body causes cascading renders that can hurt performance, and is not recommended. (https://react.dev/learn/you-might-not-need-an-effect).\n\nC:\\Users\\vinma\\Downloads\\NXT-WAVE-HACKTHON-TEAM-VISHWAMITRA-main\\src\\context\\AuthContext.tsx:26:17\n  24 |             try {\n  25 |                 const user = JSON.parse(userStr);\n> 26 |                 setState({\n     |                 ^^^^^^^^ Avoid calling setState() directly within an effect\n  27 |                     user,\n  28 |                     token,\n  29 |                     isAuthenticated: true,",
      "Line 71: react-refresh/only-export-components - Fast refresh only works when a file only exports components. Use a new file to share constants or functions between components."
    ]
  },
  {
    "filePath": "C:\\Users\\vinma\\Downloads\\NXT-WAVE-HACKTHON-TEAM-VISHWAMITRA-main\\src\\context\\ToastContext.tsx",
    "messages": [
      "Line 20: react-refresh/only-export-components - Fast refresh only works when a file only exports components. Use a new file to share constants or functions between components."
    ]
  },
  {
    "filePath": "C:\\Users\\vinma\\Downloads\\NXT-WAVE-HACKTHON-TEAM-VISHWAMITRA-main\\src\\hooks\\useCrisisDetection.ts",
    "messages": [
      "Line 55: react-hooks/set-state-in-effect - Error: Calling setState synchronously within an effect can trigger cascading renders\n\nEffects are intended to synchronize state between React and external systems such as manually updating the DOM, state management libraries, or other platform APIs. In general, the body of an effect should do one or both of the following:\n* Update external systems with the latest state from React.\n* Subscribe for updates from some external system, calling setState in a callback function when external state changes.\n\nCalling setState synchronously within an effect body causes cascading renders that can hurt performance, and is not recommended. (https://react.dev/learn/you-might-not-need-an-effect).\n\nC:\\Users\\vinma\\Downloads\\NXT-WAVE-HACKTHON-TEAM-VISHWAMITRA-main\\src\\hooks\\useCrisisDetection.ts:55:9\n  53 |         });\n  54 |\n> 55 |         setSocket(newSocket);\n     |         ^^^^^^^^^ Avoid calling setState() directly within an effect\n  56 |\n  57 |         // Cleanup on unmount\n  58 |         return () => {"
    ]
  },
  {
    "filePath": "C:\\Users\\vinma\\Downloads\\NXT-WAVE-HACKTHON-TEAM-VISHWAMITRA-main\\src\\hooks\\useTherapistCrisisAlerts.ts",
    "messages": [
      "Line 81: react-hooks/set-state-in-effect - Error: Calling setState synchronously within an effect can trigger cascading renders\n\nEffects are intended to synchronize state between React and external systems such as manually updating the DOM, state management libraries, or other platform APIs. In general, the body of an effect should do one or both of the following:\n* Update external systems with the latest state from React.\n* Subscribe for updates from some external system, calling setState in a callback function when external state changes.\n\nCalling setState synchronously within an effect body causes cascading renders that can hurt performance, and is not recommended. (https://react.dev/learn/you-might-not-need-an-effect).\n\nC:\\Users\\vinma\\Downloads\\NXT-WAVE-HACKTHON-TEAM-VISHWAMITRA-main\\src\\hooks\\useTherapistCrisisAlerts.ts:81:9\n  79 |         });\n  80 |\n> 81 |         setSocket(newSocket);\n     |         ^^^^^^^^^ Avoid calling setState() directly within an effect\n  82 |\n  83 |         // Request notification permission on mount\n  84 |         if ('Notification' in window && Notification.permission === 'default') {"
    ]
  },
  {
    "filePath": "C:\\Users\\vinma\\Downloads\\NXT-WAVE-HACKTHON-TEAM-VISHWAMITRA-main\\src\\layouts\\AdminLayout.tsx",
    "messages": [
      "Line 29: react-hooks/set-state-in-effect - Error: Calling setState synchronously within an effect can trigger cascading renders\n\nEffects are intended to synchronize state between React and external systems such as manually updating the DOM, state management libraries, or other platform APIs. In general, the body of an effect should do one or both of the following:\n* Update external systems with the latest state from React.\n* Subscribe for updates from some external system, calling setState in a callback function when external state changes.\n\nCalling setState synchronously within an effect body causes cascading renders that can hurt performance, and is not recommended. (https://react.dev/learn/you-might-not-need-an-effect).\n\nC:\\Users\\vinma\\Downloads\\NXT-WAVE-HACKTHON-TEAM-VISHWAMITRA-main\\src\\layouts\\AdminLayout.tsx:29:9\n  27 |     // Close mobile menu on route change\n  28 |     useEffect(() => {\n> 29 |         setIsMobileMenuOpen(false);\n     |         ^^^^^^^^^^^^^^^^^^^ Avoid calling setState() directly within an effect\n  30 |     }, [location.pathname]);\n  31 |\n  32 |     const handleLogout = () => {",
      "Line 106: react-hooks/static-components - Error: Cannot create components during render\n\nComponents created during render will reset their state each time they are created. Declare components outside of render.\n\nC:\\Users\\vinma\\Downloads\\NXT-WAVE-HACKTHON-TEAM-VISHWAMITRA-main\\src\\layouts\\AdminLayout.tsx:106:18\n  104 |             {/* Desktop Sidebar */}\n  105 |             <aside className=\"hidden lg:flex w-72 lg:w-80 flex-col bg-white border-r border-slate-200 z-20 shadow-[4px_0_24px_rgba(0,0,0,0.02)] shrink-0\">\n> 106 |                 <SidebarContent />\n      |                  ^^^^^^^^^^^^^^ This component is created during render\n  107 |             </aside>\n  108 |\n  109 |             {/* Mobile Sidebar Overlay */}\n\nC:\\Users\\vinma\\Downloads\\NXT-WAVE-HACKTHON-TEAM-VISHWAMITRA-main\\src\\layouts\\AdminLayout.tsx:44:28\n   42 |     ];\n   43 |\n>  44 |     const SidebarContent = () => (\n      |                            ^^^^^^^\n>  45 |         <>\n      | ^^^^^^^^^^\n>  46 |             <div className=\"h-24 flex items-center px-8 shrink-0 relative overflow-hidden\">\n      ΓÇª\n      | ^^^^^^^^^^\n>  99 |         </>\n      | ^^^^^^^^^^\n> 100 |     );\n      | ^^^^^^ The component is created during render here\n  101 |\n  102 |     return (\n  103 |         <div className=\"flex h-screen bg-[#f8fafc] overflow-hidden font-sans\">",
      "Line 133: react-hooks/static-components - Error: Cannot create components during render\n\nComponents created during render will reset their state each time they are created. Declare components outside of render.\n\nC:\\Users\\vinma\\Downloads\\NXT-WAVE-HACKTHON-TEAM-VISHWAMITRA-main\\src\\layouts\\AdminLayout.tsx:133:30\n  131 |                                 <X className=\"w-6 h-6\" />\n  132 |                             </button>\n> 133 |                             <SidebarContent />\n      |                              ^^^^^^^^^^^^^^ This component is created during render\n  134 |                         </motion.aside>\n  135 |                     </>\n  136 |                 )}\n\nC:\\Users\\vinma\\Downloads\\NXT-WAVE-HACKTHON-TEAM-VISHWAMITRA-main\\src\\layouts\\AdminLayout.tsx:44:28\n   42 |     ];\n   43 |\n>  44 |     const SidebarContent = () => (\n      |                            ^^^^^^^\n>  45 |         <>\n      | ^^^^^^^^^^\n>  46 |             <div className=\"h-24 flex items-center px-8 shrink-0 relative overflow-hidden\">\n      ΓÇª\n      | ^^^^^^^^^^\n>  99 |         </>\n      | ^^^^^^^^^^\n> 100 |     );\n      | ^^^^^^ The component is created during render here\n  101 |\n  102 |     return (\n  103 |         <div className=\"flex h-screen bg-[#f8fafc] overflow-hidden font-sans\">"
    ]
  },
  {
    "filePath": "C:\\Users\\vinma\\Downloads\\NXT-WAVE-HACKTHON-TEAM-VISHWAMITRA-main\\src\\layouts\\PatientLayout.tsx",
    "messages": [
      "Line 100: react-hooks/static-components - Error: Cannot create components during render\n\nComponents created during render will reset their state each time they are created. Declare components outside of render.\n\nC:\\Users\\vinma\\Downloads\\NXT-WAVE-HACKTHON-TEAM-VISHWAMITRA-main\\src\\layouts\\PatientLayout.tsx:100:18\n   98 |             {/* Desktop Sidebar */}\n   99 |             <aside className=\"hidden lg:flex w-72 flex-col bg-white border-r border-slate-200/60 z-20 shadow-[4px_0_24px_rgba(0,0,0,0.02)] fixed inset-y-0\">\n> 100 |                 <SidebarContent />\n      |                  ^^^^^^^^^^^^^^ This component is created during render\n  101 |             </aside>\n  102 |\n  103 |             {/* Mobile Sidebar Overlay */}\n\nC:\\Users\\vinma\\Downloads\\NXT-WAVE-HACKTHON-TEAM-VISHWAMITRA-main\\src\\layouts\\PatientLayout.tsx:34:28\n  32 |     ];\n  33 |\n> 34 |     const SidebarContent = () => (\n     |                            ^^^^^^^\n> 35 |         <>\n     | ^^^^^^^^^^\n> 36 |             <div className=\"h-20 flex items-center px-6 shrink-0 pt-4 pb-2 border-b border-slate-100/50\">\n     ΓÇª\n     | ^^^^^^^^^^\n> 93 |         </>\n     | ^^^^^^^^^^\n> 94 |     );\n     | ^^^^^^ The component is created during render here\n  95 |\n  96 |     return (\n  97 |         <div className=\"flex bg-slate-50/50 min-h-screen font-sans\">",
      "Line 127: react-hooks/static-components - Error: Cannot create components during render\n\nComponents created during render will reset their state each time they are created. Declare components outside of render.\n\nC:\\Users\\vinma\\Downloads\\NXT-WAVE-HACKTHON-TEAM-VISHWAMITRA-main\\src\\layouts\\PatientLayout.tsx:127:30\n  125 |                                 <X className=\"w-5 h-5\" />\n  126 |                             </button>\n> 127 |                             <SidebarContent />\n      |                              ^^^^^^^^^^^^^^ This component is created during render\n  128 |                         </motion.aside>\n  129 |                     </>\n  130 |                 )}\n\nC:\\Users\\vinma\\Downloads\\NXT-WAVE-HACKTHON-TEAM-VISHWAMITRA-main\\src\\layouts\\PatientLayout.tsx:34:28\n  32 |     ];\n  33 |\n> 34 |     const SidebarContent = () => (\n     |                            ^^^^^^^\n> 35 |         <>\n     | ^^^^^^^^^^\n> 36 |             <div className=\"h-20 flex items-center px-6 shrink-0 pt-4 pb-2 border-b border-slate-100/50\">\n     ΓÇª\n     | ^^^^^^^^^^\n> 93 |         </>\n     | ^^^^^^^^^^\n> 94 |     );\n     | ^^^^^^ The component is created during render here\n  95 |\n  96 |     return (\n  97 |         <div className=\"flex bg-slate-50/50 min-h-screen font-sans\">"
    ]
  },
  {
    "filePath": "C:\\Users\\vinma\\Downloads\\NXT-WAVE-HACKTHON-TEAM-VISHWAMITRA-main\\src\\pages\\AdminSettingsPage.tsx",
    "messages": [
      "Line 155: react-hooks/static-components - Error: Cannot create components during render\n\nComponents created during render will reset their state each time they are created. Declare components outside of render.\n\nC:\\Users\\vinma\\Downloads\\NXT-WAVE-HACKTHON-TEAM-VISHWAMITRA-main\\src\\pages\\AdminSettingsPage.tsx:155:42\n  153 |                                             <p className=\"text-sm text-rose-700/80 font-medium mt-1\">Disables platform access for all non-admin users immediately. Shows 503 Maintenance page.</p>\n  154 |                                         </div>\n> 155 |                                         <Toggle enabled={maintenanceMode} onChange={setMaintenanceMode} />\n      |                                          ^^^^^^ This component is created during render\n  156 |                                     </div>\n  157 |\n  158 |                                     <div className=\"flex items-center justify-between p-5 rounded-2xl border border-amber-100 bg-amber-50/50 hover:bg-amber-50 transition-colors group\">\n\nC:\\Users\\vinma\\Downloads\\NXT-WAVE-HACKTHON-TEAM-VISHWAMITRA-main\\src\\pages\\AdminSettingsPage.tsx:32:20\n  30 |     ];\n  31 |\n> 32 |     const Toggle = ({ enabled, onChange }: { enabled: boolean, onChange: (val: boolean) => void }) => (\n     |                    ^^^^^^^^^^^^^^^^^^^^^^^^^^^^^^^^^^^^^^^^^^^^^^^^^^^^^^^^^^^^^^^^^^^^^^^^^^^^^^^^^^^^\n> 33 |         <button\n     | ^^^^^^^^^^^^^^^\n> 34 |             type=\"button\"\n     | ^^^^^^^^^^^^^^^\n> 35 |             onClick={() => onChange(!enabled)}\n     | ^^^^^^^^^^^^^^^\n> 36 |             className={`relative inline-flex h-6 w-11 shrink-0 cursor-pointer rounded-full border-2 border-transparent transition-colors duration-200 ease-in-out focus:outline-none focus:ring-2 focus:ring-primary-500 focus:ring-offset-2 ${enabled ? 'bg-primary-500' : 'bg-slate-200'}`}\n     | ^^^^^^^^^^^^^^^\n> 37 |         >\n     | ^^^^^^^^^^^^^^^\n> 38 |             <span className={`pointer-events-none inline-block h-5 w-5 transform rounded-full bg-white shadow ring-0 transition duration-200 ease-in-out ${enabled ? 'translate-x-5' : 'translate-x-0'}`} />\n     | ^^^^^^^^^^^^^^^\n> 39 |         </button>\n     | ^^^^^^^^^^^^^^^\n> 40 |     );\n     | ^^^^^^ The component is created during render here\n  41 |\n  42 |     return (\n  43 |         <motion.div",
      "Line 165: react-hooks/static-components - Error: Cannot create components during render\n\nComponents created during render will reset their state each time they are created. Declare components outside of render.\n\nC:\\Users\\vinma\\Downloads\\NXT-WAVE-HACKTHON-TEAM-VISHWAMITRA-main\\src\\pages\\AdminSettingsPage.tsx:165:42\n  163 |                                             <p className=\"text-sm text-amber-700/80 font-medium mt-1\">Logs verbose request/response payloads to Datadog for troubleshooting.</p>\n  164 |                                         </div>\n> 165 |                                         <Toggle enabled={debugMode} onChange={setDebugMode} />\n      |                                          ^^^^^^ This component is created during render\n  166 |                                     </div>\n  167 |                                 </div>\n  168 |                             </div>\n\nC:\\Users\\vinma\\Downloads\\NXT-WAVE-HACKTHON-TEAM-VISHWAMITRA-main\\src\\pages\\AdminSettingsPage.tsx:32:20\n  30 |     ];\n  31 |\n> 32 |     const Toggle = ({ enabled, onChange }: { enabled: boolean, onChange: (val: boolean) => void }) => (\n     |                    ^^^^^^^^^^^^^^^^^^^^^^^^^^^^^^^^^^^^^^^^^^^^^^^^^^^^^^^^^^^^^^^^^^^^^^^^^^^^^^^^^^^^\n> 33 |         <button\n     | ^^^^^^^^^^^^^^^\n> 34 |             type=\"button\"\n     | ^^^^^^^^^^^^^^^\n> 35 |             onClick={() => onChange(!enabled)}\n     | ^^^^^^^^^^^^^^^\n> 36 |             className={`relative inline-flex h-6 w-11 shrink-0 cursor-pointer rounded-full border-2 border-transparent transition-colors duration-200 ease-in-out focus:outline-none focus:ring-2 focus:ring-primary-500 focus:ring-offset-2 ${enabled ? 'bg-primary-500' : 'bg-slate-200'}`}\n     | ^^^^^^^^^^^^^^^\n> 37 |         >\n     | ^^^^^^^^^^^^^^^\n> 38 |             <span className={`pointer-events-none inline-block h-5 w-5 transform rounded-full bg-white shadow ring-0 transition duration-200 ease-in-out ${enabled ? 'translate-x-5' : 'translate-x-0'}`} />\n     | ^^^^^^^^^^^^^^^\n> 39 |         </button>\n     | ^^^^^^^^^^^^^^^\n> 40 |     );\n     | ^^^^^^ The component is created during render here\n  41 |\n  42 |     return (\n  43 |         <motion.div"
    ]
  },
  {
    "filePath": "C:\\Users\\vinma\\Downloads\\NXT-WAVE-HACKTHON-TEAM-VISHWAMITRA-main\\src\\pages\\InspirationPage.tsx",
    "messages": [
      "Line 28: react-hooks/set-state-in-effect - Error: Calling setState synchronously within an effect can trigger cascading renders\n\nEffects are intended to synchronize state between React and external systems such as manually updating the DOM, state management libraries, or other platform APIs. In general, the body of an effect should do one or both of the following:\n* Update external systems with the latest state from React.\n* Subscribe for updates from some external system, calling setState in a callback function when external state changes.\n\nCalling setState synchronously within an effect body causes cascading renders that can hurt performance, and is not recommended. (https://react.dev/learn/you-might-not-need-an-effect).\n\nC:\\Users\\vinma\\Downloads\\NXT-WAVE-HACKTHON-TEAM-VISHWAMITRA-main\\src\\pages\\InspirationPage.tsx:28:9\n  26 |         // Set random quote\n  27 |         const randomIndex = Math.floor(Math.random() * QUOTES.length);\n> 28 |         setQuote(QUOTES[randomIndex]);\n     |         ^^^^^^^^ Avoid calling setState() directly within an effect\n  29 |\n  30 |         // Set greeting based on time\n  31 |         const hour = new Date().getHours();"
    ]
  },
  {
    "filePath": "C:\\Users\\vinma\\Downloads\\NXT-WAVE-HACKTHON-TEAM-VISHWAMITRA-main\\src\\pages\\TherapistDashboardPage.tsx",
    "messages": [
      "Line 143: react-hooks/purity - Error: Cannot call impure function during render\n\n`Date.now` is an impure function. Calling an impure function can produce unstable results that update unpredictably when the component happens to re-render. (https://react.dev/reference/rules/components-and-hooks-must-be-pure#components-and-hooks-must-be-idempotent).\n\nC:\\Users\\vinma\\Downloads\\NXT-WAVE-HACKTHON-TEAM-VISHWAMITRA-main\\src\\pages\\TherapistDashboardPage.tsx:143:22\n  141 |\n  142 |     const formatRelativeTime = (date: Date) => {\n> 143 |         const diff = Date.now() - date.getTime();\n      |                      ^^^^^^^^^^ Cannot call impure function\n  144 |         const minutes = Math.floor(diff / 60000);\n  145 |         const hours = Math.floor(minutes / 60);\n  146 |"
    ]
  },
  {
    "filePath": "C:\\Users\\vinma\\Downloads\\NXT-WAVE-HACKTHON-TEAM-VISHWAMITRA-main\\src\\pages\\therapist\\EarningsPage.tsx",
    "messages": [
      "Line 154: react-hooks/static-components - Error: Cannot create components during render\n\nComponents created during render will reset their state each time they are created. Declare components outside of render.\n\nC:\\Users\\vinma\\Downloads\\NXT-WAVE-HACKTHON-TEAM-VISHWAMITRA-main\\src\\pages\\therapist\\EarningsPage.tsx:154:48\n  152 |                                 dy={10}\n  153 |                             />\n> 154 |                             <Tooltip content={<CustomTooltip />} cursor={{ stroke: '#cbd5e1', strokeWidth: 2, strokeDasharray: '4 4' }} />\n      |                                                ^^^^^^^^^^^^^ This component is created during render\n  155 |                             <Area\n  156 |                                 type=\"monotone\"\n  157 |                                 dataKey=\"amount\"\n\nC:\\Users\\vinma\\Downloads\\NXT-WAVE-HACKTHON-TEAM-VISHWAMITRA-main\\src\\pages\\therapist\\EarningsPage.tsx:32:27\n  30 |     ];\n  31 |\n> 32 |     const CustomTooltip = ({ active, payload, label }: any) => {\n     |                           ^^^^^^^^^^^^^^^^^^^^^^^^^^^^^^^^^^^^^^\n> 33 |         if (active && payload && payload.length) {\n     | ^^^^^^^^^^^^^^^^^^^^^^^^^^^^^^^^^^^^^^^^^^^^^^^^^^\n> 34 |             return (\n     ΓÇª\n     | ^^^^^^^^^^^^^^^^^^^^^^^^^^^^^^^^^^^^^^^^^^^^^^^^^^\n> 46 |         return null;\n     | ^^^^^^^^^^^^^^^^^^^^^^^^^^^^^^^^^^^^^^^^^^^^^^^^^^\n> 47 |     };\n     | ^^^^^^ The component is created during render here\n  48 |\n  49 |     return (\n  50 |         <motion.div"
    ]
  },
  {
    "filePath": "C:\\Users\\vinma\\Downloads\\NXT-WAVE-HACKTHON-TEAM-VISHWAMITRA-main\\src\\pages\\therapist\\PatientProfilePage.tsx",
    "messages": [
      "Line 297: react-hooks/static-components - Error: Cannot create components during render\n\nComponents created during render will reset their state each time they are created. Declare components outside of render.\n\nC:\\Users\\vinma\\Downloads\\NXT-WAVE-HACKTHON-TEAM-VISHWAMITRA-main\\src\\pages\\therapist\\PatientProfilePage.tsx:297:56\n  295 |                                     <XAxis dataKey=\"date\" axisLine={false} tickLine={false} tick={{ fill: '#94a3b8', fontSize: 12, fontWeight: 600 }} dy={10} />\n  296 |                                     <YAxis domain={[0, 10]} axisLine={false} tickLine={false} tick={{ fill: '#94a3b8', fontSize: 12, fontWeight: 600 }} dx={-10} />\n> 297 |                                     <Tooltip content={<CustomTooltip />} cursor={{ stroke: '#cbd5e1', strokeWidth: 2, strokeDasharray: '4 4' }} />\n      |                                                        ^^^^^^^^^^^^^ This component is created during render\n  298 |                                     <Area\n  299 |                                         type=\"monotone\"\n  300 |                                         dataKey=\"score\"\n\nC:\\Users\\vinma\\Downloads\\NXT-WAVE-HACKTHON-TEAM-VISHWAMITRA-main\\src\\pages\\therapist\\PatientProfilePage.tsx:83:27\n   81 |     }, [id]);\n   82 |\n>  83 |     const CustomTooltip = ({ active, payload, label }: any) => {\n      |                           ^^^^^^^^^^^^^^^^^^^^^^^^^^^^^^^^^^^^^^\n>  84 |         if (active && payload && payload.length) {\n      | ^^^^^^^^^^^^^^^^^^^^^^^^^^^^^^^^^^^^^^^^^^^^^^^^^^\n>  85 |             return (\n      ΓÇª\n      | ^^^^^^^^^^^^^^^^^^^^^^^^^^^^^^^^^^^^^^^^^^^^^^^^^^\n>  97 |         return null;\n      | ^^^^^^^^^^^^^^^^^^^^^^^^^^^^^^^^^^^^^^^^^^^^^^^^^^\n>  98 |     };\n      | ^^^^^^ The component is created during render here\n   99 |\n  100 |\n  101 |     if (loading) return ("
    ]
  },
  {
    "filePath": "C:\\Users\\vinma\\Downloads\\NXT-WAVE-HACKTHON-TEAM-VISHWAMITRA-main\\src\\pages\\therapist\\SettingsPage.tsx",
    "messages": [
      "Line 144: react-hooks/static-components - Error: Cannot create components during render\n\nComponents created during render will reset their state each time they are created. Declare components outside of render.\n\nC:\\Users\\vinma\\Downloads\\NXT-WAVE-HACKTHON-TEAM-VISHWAMITRA-main\\src\\pages\\therapist\\SettingsPage.tsx:144:42\n  142 |                                             <p className=\"text-sm text-slate-500 font-medium mt-1\">Allow platform to route crisis patients to you if available.</p>\n  143 |                                         </div>\n> 144 |                                         <Toggle enabled={emergencyStatus} onChange={setEmergencyStatus} />\n      |                                          ^^^^^^ This component is created during render\n  145 |                                     </div>\n  146 |\n  147 |                                     <div className=\"flex items-center justify-between p-4 rounded-2xl border border-slate-100 bg-slate-50 hover:bg-slate-100/50 transition-colors\">\n\nC:\\Users\\vinma\\Downloads\\NXT-WAVE-HACKTHON-TEAM-VISHWAMITRA-main\\src\\pages\\therapist\\SettingsPage.tsx:28:20\n  26 |     };\n  27 |\n> 28 |     const Toggle = ({ enabled, onChange }: { enabled: boolean, onChange: (val: boolean) => void }) => (\n     |                    ^^^^^^^^^^^^^^^^^^^^^^^^^^^^^^^^^^^^^^^^^^^^^^^^^^^^^^^^^^^^^^^^^^^^^^^^^^^^^^^^^^^^\n> 29 |         <button\n     | ^^^^^^^^^^^^^^^\n> 30 |             type=\"button\"\n     | ^^^^^^^^^^^^^^^\n> 31 |             onClick={() => onChange(!enabled)}\n     | ^^^^^^^^^^^^^^^\n> 32 |             className={`relative inline-flex h-6 w-11 shrink-0 cursor-pointer rounded-full border-2 border-transparent transition-colors duration-200 ease-in-out focus:outline-none focus:ring-2 focus:ring-primary-500 focus:ring-offset-2 ${enabled ? 'bg-primary-500' : 'bg-slate-200'}`}\n     | ^^^^^^^^^^^^^^^\n> 33 |         >\n     | ^^^^^^^^^^^^^^^\n> 34 |             <span className={`pointer-events-none inline-block h-5 w-5 transform rounded-full bg-white shadow ring-0 transition duration-200 ease-in-out ${enabled ? 'translate-x-5' : 'translate-x-0'}`} />\n     | ^^^^^^^^^^^^^^^\n> 35 |         </button>\n     | ^^^^^^^^^^^^^^^\n> 36 |     );\n     | ^^^^^^ The component is created during render here\n  37 |\n  38 |     return (\n  39 |         <motion.div",
      "Line 154: react-hooks/static-components - Error: Cannot create components during render\n\nComponents created during render will reset their state each time they are created. Declare components outside of render.\n\nC:\\Users\\vinma\\Downloads\\NXT-WAVE-HACKTHON-TEAM-VISHWAMITRA-main\\src\\pages\\therapist\\SettingsPage.tsx:154:42\n  152 |                                             <p className=\"text-sm text-slate-500 font-medium mt-1\">Allow new patients to find and book you via the platform search.</p>\n  153 |                                         </div>\n> 154 |                                         <Toggle enabled={publicProfile} onChange={setPublicProfile} />\n      |                                          ^^^^^^ This component is created during render\n  155 |                                     </div>\n  156 |                                 </div>\n  157 |                             </div>\n\nC:\\Users\\vinma\\Downloads\\NXT-WAVE-HACKTHON-TEAM-VISHWAMITRA-main\\src\\pages\\therapist\\SettingsPage.tsx:28:20\n  26 |     };\n  27 |\n> 28 |     const Toggle = ({ enabled, onChange }: { enabled: boolean, onChange: (val: boolean) => void }) => (\n     |                    ^^^^^^^^^^^^^^^^^^^^^^^^^^^^^^^^^^^^^^^^^^^^^^^^^^^^^^^^^^^^^^^^^^^^^^^^^^^^^^^^^^^^\n> 29 |         <button\n     | ^^^^^^^^^^^^^^^\n> 30 |             type=\"button\"\n     | ^^^^^^^^^^^^^^^\n> 31 |             onClick={() => onChange(!enabled)}\n     | ^^^^^^^^^^^^^^^\n> 32 |             className={`relative inline-flex h-6 w-11 shrink-0 cursor-pointer rounded-full border-2 border-transparent transition-colors duration-200 ease-in-out focus:outline-none focus:ring-2 focus:ring-primary-500 focus:ring-offset-2 ${enabled ? 'bg-primary-500' : 'bg-slate-200'}`}\n     | ^^^^^^^^^^^^^^^\n> 33 |         >\n     | ^^^^^^^^^^^^^^^\n> 34 |             <span className={`pointer-events-none inline-block h-5 w-5 transform rounded-full bg-white shadow ring-0 transition duration-200 ease-in-out ${enabled ? 'translate-x-5' : 'translate-x-0'}`} />\n     | ^^^^^^^^^^^^^^^\n> 35 |         </button>\n     | ^^^^^^^^^^^^^^^\n> 36 |     );\n     | ^^^^^^ The component is created during render here\n  37 |\n  38 |     return (\n  39 |         <motion.div",
      "Line 178: react-hooks/static-components - Error: Cannot create components during render\n\nComponents created during render will reset their state each time they are created. Declare components outside of render.\n\nC:\\Users\\vinma\\Downloads\\NXT-WAVE-HACKTHON-TEAM-VISHWAMITRA-main\\src\\pages\\therapist\\SettingsPage.tsx:178:38\n  176 |                                         </div>\n  177 |                                     </div>\n> 178 |                                     <Toggle enabled={emailNotifs} onChange={setEmailNotifs} />\n      |                                      ^^^^^^ This component is created during render\n  179 |                                 </div>\n  180 |\n  181 |                                 <div className=\"flex items-center justify-between pb-6 border-b border-slate-100\">\n\nC:\\Users\\vinma\\Downloads\\NXT-WAVE-HACKTHON-TEAM-VISHWAMITRA-main\\src\\pages\\therapist\\SettingsPage.tsx:28:20\n  26 |     };\n  27 |\n> 28 |     const Toggle = ({ enabled, onChange }: { enabled: boolean, onChange: (val: boolean) => void }) => (\n     |                    ^^^^^^^^^^^^^^^^^^^^^^^^^^^^^^^^^^^^^^^^^^^^^^^^^^^^^^^^^^^^^^^^^^^^^^^^^^^^^^^^^^^^\n> 29 |         <button\n     | ^^^^^^^^^^^^^^^\n> 30 |             type=\"button\"\n     | ^^^^^^^^^^^^^^^\n> 31 |             onClick={() => onChange(!enabled)}\n     | ^^^^^^^^^^^^^^^\n> 32 |             className={`relative inline-flex h-6 w-11 shrink-0 cursor-pointer rounded-full border-2 border-transparent transition-colors duration-200 ease-in-out focus:outline-none focus:ring-2 focus:ring-primary-500 focus:ring-offset-2 ${enabled ? 'bg-primary-500' : 'bg-slate-200'}`}\n     | ^^^^^^^^^^^^^^^\n> 33 |         >\n     | ^^^^^^^^^^^^^^^\n> 34 |             <span className={`pointer-events-none inline-block h-5 w-5 transform rounded-full bg-white shadow ring-0 transition duration-200 ease-in-out ${enabled ? 'translate-x-5' : 'translate-x-0'}`} />\n     | ^^^^^^^^^^^^^^^\n> 35 |         </button>\n     | ^^^^^^^^^^^^^^^\n> 36 |     );\n     | ^^^^^^ The component is created during render here\n  37 |\n  38 |     return (\n  39 |         <motion.div",
      "Line 191: react-hooks/static-components - Error: Cannot create components during render\n\nComponents created during render will reset their state each time they are created. Declare components outside of render.\n\nC:\\Users\\vinma\\Downloads\\NXT-WAVE-HACKTHON-TEAM-VISHWAMITRA-main\\src\\pages\\therapist\\SettingsPage.tsx:191:38\n  189 |                                         </div>\n  190 |                                     </div>\n> 191 |                                     <Toggle enabled={smsNotifs} onChange={setSmsNotifs} />\n      |                                      ^^^^^^ This component is created during render\n  192 |                                 </div>\n  193 |                             </div>\n  194 |                         </div>\n\nC:\\Users\\vinma\\Downloads\\NXT-WAVE-HACKTHON-TEAM-VISHWAMITRA-main\\src\\pages\\therapist\\SettingsPage.tsx:28:20\n  26 |     };\n  27 |\n> 28 |     const Toggle = ({ enabled, onChange }: { enabled: boolean, onChange: (val: boolean) => void }) => (\n     |                    ^^^^^^^^^^^^^^^^^^^^^^^^^^^^^^^^^^^^^^^^^^^^^^^^^^^^^^^^^^^^^^^^^^^^^^^^^^^^^^^^^^^^\n> 29 |         <button\n     | ^^^^^^^^^^^^^^^\n> 30 |             type=\"button\"\n     | ^^^^^^^^^^^^^^^\n> 31 |             onClick={() => onChange(!enabled)}\n     | ^^^^^^^^^^^^^^^\n> 32 |             className={`relative inline-flex h-6 w-11 shrink-0 cursor-pointer rounded-full border-2 border-transparent transition-colors duration-200 ease-in-out focus:outline-none focus:ring-2 focus:ring-primary-500 focus:ring-offset-2 ${enabled ? 'bg-primary-500' : 'bg-slate-200'}`}\n     | ^^^^^^^^^^^^^^^\n> 33 |         >\n     | ^^^^^^^^^^^^^^^\n> 34 |             <span className={`pointer-events-none inline-block h-5 w-5 transform rounded-full bg-white shadow ring-0 transition duration-200 ease-in-out ${enabled ? 'translate-x-5' : 'translate-x-0'}`} />\n     | ^^^^^^^^^^^^^^^\n> 35 |         </button>\n     | ^^^^^^^^^^^^^^^\n> 36 |     );\n     | ^^^^^^ The component is created during render here\n  37 |\n  38 |     return (\n  39 |         <motion.div"
    ]
  }
]
